
> Configure project :app
WARNING: The option 'android.enableD8' is deprecated.
The current default is 'true'.
It was removed in version 7.0 of the Android Gradle plugin.
For more details, see https://d.android.com/r/studio-ui/d8-overview.html.

> Task :app:preBuild UP-TO-DATE
> Task :app:preDebugBuild UP-TO-DATE
> Task :app:mergeDebugNativeDebugMetadata NO-SOURCE
> Task :app:generateDebugBuildConfig
> Task :app:javaPreCompileDebug
> Task :app:generateDebugResValues
> Task :app:checkDebugAarMetadata
> Task :app:mapDebugSourceSetPaths
> Task :app:generateDebugResources
> Task :app:compileDebugAidl
> Task :app:createDebugCompatibleScreenManifests
> Task :app:extractDeepLinksDebug
> Task :app:processDebugMainManifest
> Task :app:processDebugManifest
> Task :app:mergeDebugShaders
> Task :app:compileDebugShaders NO-SOURCE
> Task :app:generateDebugAssets UP-TO-DATE
> Task :app:mergeDebugAssets
> Task :app:compressDebugAssets
> Task :app:checkDebugDuplicateClasses
> Task :app:desugarDebugFileDependencies
> Task :app:processDebugManifestForPackage
> Task :app:mergeLibDexDebug
> Task :app:configureCMakeDebug[arm64-v8a]
> Task :app:mergeDebugResources

> Task :app:buildCMakeDebug[arm64-v8a]
C/C++: ninja: Entering directory `E:\HabiburRahman\Development\NetBlock\app\.cxx\Debug\1n384y6y\arm64-v8a'
C/C++: E:/HabiburRahman/Development/NetBlock/app/src/main/jni/netblock/netblock.c:278:22: warning: passing 'const char *' to parameter of type 'void *' discards qualifiers [-Wincompatible-pointer-types-discards-qualifiers]
C/C++:         ng_add_alloc(name, "name");
C/C++:                      ^~~~
C/C++: E:/HabiburRahman/Development/NetBlock/app/src/main/jni/netblock/netblock.h:571:25: note: passing argument to parameter 'ptr' here
C/C++: void ng_add_alloc(void *ptr, const char *tag);
C/C++:                         ^
C/C++: E:/HabiburRahman/Development/NetBlock/app/src/main/jni/netblock/netblock.c:300:25: warning: passing 'const char *' to parameter of type 'void *' discards qualifiers [-Wincompatible-pointer-types-discards-qualifiers]
C/C++:         ng_delete_alloc(name, __FILE__, __LINE__);
C/C++:                         ^~~~
C/C++: E:/HabiburRahman/Development/NetBlock/app/src/main/jni/netblock/netblock.h:573:28: note: passing argument to parameter 'ptr' here
C/C++: void ng_delete_alloc(void *ptr, const char *file, int line);
C/C++:                            ^
C/C++: E:/HabiburRahman/Development/NetBlock/app/src/main/jni/netblock/netblock.c:314:18: warning: passing 'const char *' to parameter of type 'void *' discards qualifiers [-Wincompatible-pointer-types-discards-qualifiers]
C/C++:     ng_add_alloc(addr, "addr");
C/C++:                  ^~~~
C/C++: E:/HabiburRahman/Development/NetBlock/app/src/main/jni/netblock/netblock.h:571:25: note: passing argument to parameter 'ptr' here
C/C++: void ng_add_alloc(void *ptr, const char *tag);
C/C++:                         ^
C/C++: E:/HabiburRahman/Development/NetBlock/app/src/main/jni/netblock/netblock.c:315:18: warning: passing 'const char *' to parameter of type 'void *' discards qualifiers [-Wincompatible-pointer-types-discards-qualifiers]
C/C++:     ng_add_alloc(username, "username");
C/C++:                  ^~~~~~~~
C/C++: E:/HabiburRahman/Development/NetBlock/app/src/main/jni/netblock/netblock.h:571:25: note: passing argument to parameter 'ptr' here
C/C++: void ng_add_alloc(void *ptr, const char *tag);
C/C++:                         ^
C/C++: E:/HabiburRahman/Development/NetBlock/app/src/main/jni/netblock/netblock.c:316:18: warning: passing 'const char *' to parameter of type 'void *' discards qualifiers [-Wincompatible-pointer-types-discards-qualifiers]
C/C++:     ng_add_alloc(password, "password");
C/C++:                  ^~~~~~~~
C/C++: E:/HabiburRahman/Development/NetBlock/app/src/main/jni/netblock/netblock.h:571:25: note: passing argument to parameter 'ptr' here
C/C++: void ng_add_alloc(void *ptr, const char *tag);
C/C++:                         ^
C/C++: E:/HabiburRahman/Development/NetBlock/app/src/main/jni/netblock/netblock.c:329:21: warning: passing 'const char *' to parameter of type 'void *' discards qualifiers [-Wincompatible-pointer-types-discards-qualifiers]
C/C++:     ng_delete_alloc(addr, __FILE__, __LINE__);
C/C++:                     ^~~~
C/C++: E:/HabiburRahman/Development/NetBlock/app/src/main/jni/netblock/netblock.h:573:28: note: passing argument to parameter 'ptr' here
C/C++: void ng_delete_alloc(void *ptr, const char *file, int line);
C/C++:                            ^
C/C++: E:/HabiburRahman/Development/NetBlock/app/src/main/jni/netblock/netblock.c:330:21: warning: passing 'const char *' to parameter of type 'void *' discards qualifiers [-Wincompatible-pointer-types-discards-qualifiers]
C/C++:     ng_delete_alloc(username, __FILE__, __LINE__);
C/C++:                     ^~~~~~~~
C/C++: E:/HabiburRahman/Development/NetBlock/app/src/main/jni/netblock/netblock.h:573:28: note: passing argument to parameter 'ptr' here
C/C++: void ng_delete_alloc(void *ptr, const char *file, int line);
C/C++:                            ^
C/C++: E:/HabiburRahman/Development/NetBlock/app/src/main/jni/netblock/netblock.c:331:21: warning: passing 'const char *' to parameter of type 'void *' discards qualifiers [-Wincompatible-pointer-types-discards-qualifiers]
C/C++:     ng_delete_alloc(password, __FILE__, __LINE__);
C/C++:                     ^~~~~~~~
C/C++: E:/HabiburRahman/Development/NetBlock/app/src/main/jni/netblock/netblock.h:573:28: note: passing argument to parameter 'ptr' here
C/C++: void ng_delete_alloc(void *ptr, const char *file, int line);
C/C++:                            ^
C/C++: E:/HabiburRahman/Development/NetBlock/app/src/main/jni/netblock/netblock.c:362:18: warning: passing 'const char *' to parameter of type 'void *' discards qualifiers [-Wincompatible-pointer-types-discards-qualifiers]
C/C++:     ng_add_alloc(name, "name");
C/C++:                  ^~~~
C/C++: E:/HabiburRahman/Development/NetBlock/app/src/main/jni/netblock/netblock.h:571:25: note: passing argument to parameter 'ptr' here
C/C++: void ng_add_alloc(void *ptr, const char *tag);
C/C++:                         ^
C/C++: E:/HabiburRahman/Development/NetBlock/app/src/main/jni/netblock/netblock.c:368:21: warning: passing 'const char *' to parameter of type 'void *' discards qualifiers [-Wincompatible-pointer-types-discards-qualifiers]
C/C++:     ng_delete_alloc(name, __FILE__, __LINE__);
C/C++:                     ^~~~
C/C++: E:/HabiburRahman/Development/NetBlock/app/src/main/jni/netblock/netblock.h:573:28: note: passing argument to parameter 'ptr' here
C/C++: void ng_delete_alloc(void *ptr, const char *file, int line);
C/C++:                            ^
C/C++: E:/HabiburRahman/Development/NetBlock/app/src/main/jni/netblock/netblock.c:377:18: warning: passing 'const char *' to parameter of type 'void *' discards qualifiers [-Wincompatible-pointer-types-discards-qualifiers]
C/C++:     ng_add_alloc(ip, "ip");
C/C++:                  ^~
C/C++: E:/HabiburRahman/Development/NetBlock/app/src/main/jni/netblock/netblock.h:571:25: note: passing argument to parameter 'ptr' here
C/C++: void ng_add_alloc(void *ptr, const char *tag);
C/C++:                         ^
C/C++: E:/HabiburRahman/Development/NetBlock/app/src/main/jni/netblock/netblock.c:394:21: warning: passing 'const char *' to parameter of type 'void *' discards qualifiers [-Wincompatible-pointer-types-discards-qualifiers]
C/C++:     ng_delete_alloc(ip, __FILE__, __LINE__);
C/C++:                     ^~
C/C++: E:/HabiburRahman/Development/NetBlock/app/src/main/jni/netblock/netblock.h:573:28: note: passing argument to parameter 'ptr' here
C/C++: void ng_delete_alloc(void *ptr, const char *file, int line);
C/C++:                            ^
C/C++: E:/HabiburRahman/Development/NetBlock/app/src/main/jni/netblock/netblock.c:778:26: warning: passing 'const char *' to parameter of type 'void *' discards qualifiers [-Wincompatible-pointer-types-discards-qualifiers]
C/C++:             ng_add_alloc(raddr, "raddr");
C/C++:                          ^~~~~
C/C++: E:/HabiburRahman/Development/NetBlock/app/src/main/jni/netblock/netblock.h:571:25: note: passing argument to parameter 'ptr' here
C/C++: void ng_add_alloc(void *ptr, const char *tag);
C/C++:                         ^
C/C++: E:/HabiburRahman/Development/NetBlock/app/src/main/jni/netblock/netblock.c:781:29: warning: passing 'const char *' to parameter of type 'void *' discards qualifiers [-Wincompatible-pointer-types-discards-qualifiers]
C/C++:             ng_delete_alloc(raddr, __FILE__, __LINE__);
C/C++:                             ^~~~~
C/C++: E:/HabiburRahman/Development/NetBlock/app/src/main/jni/netblock/netblock.h:573:28: note: passing argument to parameter 'ptr' here
C/C++: void ng_delete_alloc(void *ptr, const char *file, int line);
C/C++:                            ^
C/C++: 14 warnings generated.

> Task :app:configureCMakeDebug[armeabi-v7a]
> Task :app:mergeExtDexDebug

> Task :app:buildCMakeDebug[armeabi-v7a]
C/C++: ninja: Entering directory `E:\HabiburRahman\Development\NetBlock\app\.cxx\Debug\1n384y6y\armeabi-v7a'
C/C++: E:/HabiburRahman/Development/NetBlock/app/src/main/jni/netblock/netblock.c:278:22: warning: passing 'const char *' to parameter of type 'void *' discards qualifiers [-Wincompatible-pointer-types-discards-qualifiers]
C/C++:         ng_add_alloc(name, "name");
C/C++:                      ^~~~
C/C++: E:/HabiburRahman/Development/NetBlock/app/src/main/jni/netblock/netblock.h:571:25: note: passing argument to parameter 'ptr' here
C/C++: void ng_add_alloc(void *ptr, const char *tag);
C/C++:                         ^
C/C++: E:/HabiburRahman/Development/NetBlock/app/src/main/jni/netblock/netblock.c:300:25: warning: passing 'const char *' to parameter of type 'void *' discards qualifiers [-Wincompatible-pointer-types-discards-qualifiers]
C/C++:         ng_delete_alloc(name, __FILE__, __LINE__);
C/C++:                         ^~~~
C/C++: E:/HabiburRahman/Development/NetBlock/app/src/main/jni/netblock/netblock.h:573:28: note: passing argument to parameter 'ptr' here
C/C++: void ng_delete_alloc(void *ptr, const char *file, int line);
C/C++:                            ^
C/C++: E:/HabiburRahman/Development/NetBlock/app/src/main/jni/netblock/netblock.c:314:18: warning: passing 'const char *' to parameter of type 'void *' discards qualifiers [-Wincompatible-pointer-types-discards-qualifiers]
C/C++:     ng_add_alloc(addr, "addr");
C/C++:                  ^~~~
C/C++: E:/HabiburRahman/Development/NetBlock/app/src/main/jni/netblock/netblock.h:571:25: note: passing argument to parameter 'ptr' here
C/C++: void ng_add_alloc(void *ptr, const char *tag);
C/C++:                         ^
C/C++: E:/HabiburRahman/Development/NetBlock/app/src/main/jni/netblock/netblock.c:315:18: warning: passing 'const char *' to parameter of type 'void *' discards qualifiers [-Wincompatible-pointer-types-discards-qualifiers]
C/C++:     ng_add_alloc(username, "username");
C/C++:                  ^~~~~~~~
C/C++: E:/HabiburRahman/Development/NetBlock/app/src/main/jni/netblock/netblock.h:571:25: note: passing argument to parameter 'ptr' here
C/C++: void ng_add_alloc(void *ptr, const char *tag);
C/C++:                         ^
C/C++: E:/HabiburRahman/Development/NetBlock/app/src/main/jni/netblock/netblock.c:316:18: warning: passing 'const char *' to parameter of type 'void *' discards qualifiers [-Wincompatible-pointer-types-discards-qualifiers]
C/C++:     ng_add_alloc(password, "password");
C/C++:                  ^~~~~~~~
C/C++: E:/HabiburRahman/Development/NetBlock/app/src/main/jni/netblock/netblock.h:571:25: note: passing argument to parameter 'ptr' here
C/C++: void ng_add_alloc(void *ptr, const char *tag);
C/C++:                         ^
C/C++: E:/HabiburRahman/Development/NetBlock/app/src/main/jni/netblock/netblock.c:329:21: warning: passing 'const char *' to parameter of type 'void *' discards qualifiers [-Wincompatible-pointer-types-discards-qualifiers]
C/C++:     ng_delete_alloc(addr, __FILE__, __LINE__);
C/C++:                     ^~~~
C/C++: E:/HabiburRahman/Development/NetBlock/app/src/main/jni/netblock/netblock.h:573:28: note: passing argument to parameter 'ptr' here
C/C++: void ng_delete_alloc(void *ptr, const char *file, int line);
C/C++:                            ^
C/C++: E:/HabiburRahman/Development/NetBlock/app/src/main/jni/netblock/netblock.c:330:21: warning: passing 'const char *' to parameter of type 'void *' discards qualifiers [-Wincompatible-pointer-types-discards-qualifiers]
C/C++:     ng_delete_alloc(username, __FILE__, __LINE__);
C/C++:                     ^~~~~~~~
C/C++: E:/HabiburRahman/Development/NetBlock/app/src/main/jni/netblock/netblock.h:573:28: note: passing argument to parameter 'ptr' here
C/C++: void ng_delete_alloc(void *ptr, const char *file, int line);
C/C++:                            ^
C/C++: E:/HabiburRahman/Development/NetBlock/app/src/main/jni/netblock/netblock.c:331:21: warning: passing 'const char *' to parameter of type 'void *' discards qualifiers [-Wincompatible-pointer-types-discards-qualifiers]
C/C++:     ng_delete_alloc(password, __FILE__, __LINE__);
C/C++:                     ^~~~~~~~
C/C++: E:/HabiburRahman/Development/NetBlock/app/src/main/jni/netblock/netblock.h:573:28: note: passing argument to parameter 'ptr' here
C/C++: void ng_delete_alloc(void *ptr, const char *file, int line);
C/C++:                            ^
C/C++: E:/HabiburRahman/Development/NetBlock/app/src/main/jni/netblock/netblock.c:362:18: warning: passing 'const char *' to parameter of type 'void *' discards qualifiers [-Wincompatible-pointer-types-discards-qualifiers]
C/C++:     ng_add_alloc(name, "name");
C/C++:                  ^~~~
C/C++: E:/HabiburRahman/Development/NetBlock/app/src/main/jni/netblock/netblock.h:571:25: note: passing argument to parameter 'ptr' here
C/C++: void ng_add_alloc(void *ptr, const char *tag);
C/C++:                         ^
C/C++: E:/HabiburRahman/Development/NetBlock/app/src/main/jni/netblock/netblock.c:368:21: warning: passing 'const char *' to parameter of type 'void *' discards qualifiers [-Wincompatible-pointer-types-discards-qualifiers]
C/C++:     ng_delete_alloc(name, __FILE__, __LINE__);
C/C++:                     ^~~~
C/C++: E:/HabiburRahman/Development/NetBlock/app/src/main/jni/netblock/netblock.h:573:28: note: passing argument to parameter 'ptr' here
C/C++: void ng_delete_alloc(void *ptr, const char *file, int line);
C/C++:                            ^
C/C++: E:/HabiburRahman/Development/NetBlock/app/src/main/jni/netblock/netblock.c:377:18: warning: passing 'const char *' to parameter of type 'void *' discards qualifiers [-Wincompatible-pointer-types-discards-qualifiers]
C/C++:     ng_add_alloc(ip, "ip");
C/C++:                  ^~
C/C++: E:/HabiburRahman/Development/NetBlock/app/src/main/jni/netblock/netblock.h:571:25: note: passing argument to parameter 'ptr' here
C/C++: void ng_add_alloc(void *ptr, const char *tag);
C/C++:                         ^
C/C++: E:/HabiburRahman/Development/NetBlock/app/src/main/jni/netblock/netblock.c:394:21: warning: passing 'const char *' to parameter of type 'void *' discards qualifiers [-Wincompatible-pointer-types-discards-qualifiers]
C/C++:     ng_delete_alloc(ip, __FILE__, __LINE__);
C/C++:                     ^~
C/C++: E:/HabiburRahman/Development/NetBlock/app/src/main/jni/netblock/netblock.h:573:28: note: passing argument to parameter 'ptr' here
C/C++: void ng_delete_alloc(void *ptr, const char *file, int line);
C/C++:                            ^
C/C++: E:/HabiburRahman/Development/NetBlock/app/src/main/jni/netblock/netblock.c:778:26: warning: passing 'const char *' to parameter of type 'void *' discards qualifiers [-Wincompatible-pointer-types-discards-qualifiers]
C/C++:             ng_add_alloc(raddr, "raddr");
C/C++:                          ^~~~~
C/C++: E:/HabiburRahman/Development/NetBlock/app/src/main/jni/netblock/netblock.h:571:25: note: passing argument to parameter 'ptr' here
C/C++: void ng_add_alloc(void *ptr, const char *tag);
C/C++:                         ^
C/C++: E:/HabiburRahman/Development/NetBlock/app/src/main/jni/netblock/netblock.c:781:29: warning: passing 'const char *' to parameter of type 'void *' discards qualifiers [-Wincompatible-pointer-types-discards-qualifiers]
C/C++:             ng_delete_alloc(raddr, __FILE__, __LINE__);
C/C++:                             ^~~~~
C/C++: E:/HabiburRahman/Development/NetBlock/app/src/main/jni/netblock/netblock.h:573:28: note: passing argument to parameter 'ptr' here
C/C++: void ng_delete_alloc(void *ptr, const char *file, int line);
C/C++:                            ^
C/C++: 14 warnings generated.

> Task :app:configureCMakeDebug[x86]

> Task :app:buildCMakeDebug[x86]
C/C++: ninja: Entering directory `E:\HabiburRahman\Development\NetBlock\app\.cxx\Debug\1n384y6y\x86'
C/C++: E:/HabiburRahman/Development/NetBlock/app/src/main/jni/netblock/netblock.c:278:22: warning: passing 'const char *' to parameter of type 'void *' discards qualifiers [-Wincompatible-pointer-types-discards-qualifiers]
C/C++:         ng_add_alloc(name, "name");
C/C++:                      ^~~~
C/C++: E:/HabiburRahman/Development/NetBlock/app/src/main/jni/netblock/netblock.h:571:25: note: passing argument to parameter 'ptr' here
C/C++: void ng_add_alloc(void *ptr, const char *tag);
C/C++:                         ^
C/C++: E:/HabiburRahman/Development/NetBlock/app/src/main/jni/netblock/netblock.c:300:25: warning: passing 'const char *' to parameter of type 'void *' discards qualifiers [-Wincompatible-pointer-types-discards-qualifiers]
C/C++:         ng_delete_alloc(name, __FILE__, __LINE__);
C/C++:                         ^~~~
C/C++: E:/HabiburRahman/Development/NetBlock/app/src/main/jni/netblock/netblock.h:573:28: note: passing argument to parameter 'ptr' here
C/C++: void ng_delete_alloc(void *ptr, const char *file, int line);
C/C++:                            ^
C/C++: E:/HabiburRahman/Development/NetBlock/app/src/main/jni/netblock/netblock.c:314:18: warning: passing 'const char *' to parameter of type 'void *' discards qualifiers [-Wincompatible-pointer-types-discards-qualifiers]
C/C++:     ng_add_alloc(addr, "addr");
C/C++:                  ^~~~
C/C++: E:/HabiburRahman/Development/NetBlock/app/src/main/jni/netblock/netblock.h:571:25: note: passing argument to parameter 'ptr' here
C/C++: void ng_add_alloc(void *ptr, const char *tag);
C/C++:                         ^
C/C++: E:/HabiburRahman/Development/NetBlock/app/src/main/jni/netblock/netblock.c:315:18: warning: passing 'const char *' to parameter of type 'void *' discards qualifiers [-Wincompatible-pointer-types-discards-qualifiers]
C/C++:     ng_add_alloc(username, "username");
C/C++:                  ^~~~~~~~
C/C++: E:/HabiburRahman/Development/NetBlock/app/src/main/jni/netblock/netblock.h:571:25: note: passing argument to parameter 'ptr' here
C/C++: void ng_add_alloc(void *ptr, const char *tag);
C/C++:                         ^
C/C++: E:/HabiburRahman/Development/NetBlock/app/src/main/jni/netblock/netblock.c:316:18: warning: passing 'const char *' to parameter of type 'void *' discards qualifiers [-Wincompatible-pointer-types-discards-qualifiers]
C/C++:     ng_add_alloc(password, "password");
C/C++:                  ^~~~~~~~
C/C++: E:/HabiburRahman/Development/NetBlock/app/src/main/jni/netblock/netblock.h:571:25: note: passing argument to parameter 'ptr' here
C/C++: void ng_add_alloc(void *ptr, const char *tag);
C/C++:                         ^
C/C++: E:/HabiburRahman/Development/NetBlock/app/src/main/jni/netblock/netblock.c:329:21: warning: passing 'const char *' to parameter of type 'void *' discards qualifiers [-Wincompatible-pointer-types-discards-qualifiers]
C/C++:     ng_delete_alloc(addr, __FILE__, __LINE__);
C/C++:                     ^~~~
C/C++: E:/HabiburRahman/Development/NetBlock/app/src/main/jni/netblock/netblock.h:573:28: note: passing argument to parameter 'ptr' here
C/C++: void ng_delete_alloc(void *ptr, const char *file, int line);
C/C++:                            ^
C/C++: E:/HabiburRahman/Development/NetBlock/app/src/main/jni/netblock/netblock.c:330:21: warning: passing 'const char *' to parameter of type 'void *' discards qualifiers [-Wincompatible-pointer-types-discards-qualifiers]
C/C++:     ng_delete_alloc(username, __FILE__, __LINE__);
C/C++:                     ^~~~~~~~
C/C++: E:/HabiburRahman/Development/NetBlock/app/src/main/jni/netblock/netblock.h:573:28: note: passing argument to parameter 'ptr' here
C/C++: void ng_delete_alloc(void *ptr, const char *file, int line);
C/C++:                            ^
C/C++: E:/HabiburRahman/Development/NetBlock/app/src/main/jni/netblock/netblock.c:331:21: warning: passing 'const char *' to parameter of type 'void *' discards qualifiers [-Wincompatible-pointer-types-discards-qualifiers]
C/C++:     ng_delete_alloc(password, __FILE__, __LINE__);
C/C++:                     ^~~~~~~~
C/C++: E:/HabiburRahman/Development/NetBlock/app/src/main/jni/netblock/netblock.h:573:28: note: passing argument to parameter 'ptr' here
C/C++: void ng_delete_alloc(void *ptr, const char *file, int line);
C/C++:                            ^
C/C++: E:/HabiburRahman/Development/NetBlock/app/src/main/jni/netblock/netblock.c:362:18: warning: passing 'const char *' to parameter of type 'void *' discards qualifiers [-Wincompatible-pointer-types-discards-qualifiers]
C/C++:     ng_add_alloc(name, "name");
C/C++:                  ^~~~
C/C++: E:/HabiburRahman/Development/NetBlock/app/src/main/jni/netblock/netblock.h:571:25: note: passing argument to parameter 'ptr' here
C/C++: void ng_add_alloc(void *ptr, const char *tag);
C/C++:                         ^
C/C++: E:/HabiburRahman/Development/NetBlock/app/src/main/jni/netblock/netblock.c:368:21: warning: passing 'const char *' to parameter of type 'void *' discards qualifiers [-Wincompatible-pointer-types-discards-qualifiers]
C/C++:     ng_delete_alloc(name, __FILE__, __LINE__);
C/C++:                     ^~~~
C/C++: E:/HabiburRahman/Development/NetBlock/app/src/main/jni/netblock/netblock.h:573:28: note: passing argument to parameter 'ptr' here
C/C++: void ng_delete_alloc(void *ptr, const char *file, int line);
C/C++:                            ^
C/C++: E:/HabiburRahman/Development/NetBlock/app/src/main/jni/netblock/netblock.c:377:18: warning: passing 'const char *' to parameter of type 'void *' discards qualifiers [-Wincompatible-pointer-types-discards-qualifiers]
C/C++:     ng_add_alloc(ip, "ip");
C/C++:                  ^~
C/C++: E:/HabiburRahman/Development/NetBlock/app/src/main/jni/netblock/netblock.h:571:25: note: passing argument to parameter 'ptr' here
C/C++: void ng_add_alloc(void *ptr, const char *tag);
C/C++:                         ^
C/C++: E:/HabiburRahman/Development/NetBlock/app/src/main/jni/netblock/netblock.c:394:21: warning: passing 'const char *' to parameter of type 'void *' discards qualifiers [-Wincompatible-pointer-types-discards-qualifiers]
C/C++:     ng_delete_alloc(ip, __FILE__, __LINE__);
C/C++:                     ^~
C/C++: E:/HabiburRahman/Development/NetBlock/app/src/main/jni/netblock/netblock.h:573:28: note: passing argument to parameter 'ptr' here
C/C++: void ng_delete_alloc(void *ptr, const char *file, int line);
C/C++:                            ^
C/C++: E:/HabiburRahman/Development/NetBlock/app/src/main/jni/netblock/netblock.c:778:26: warning: passing 'const char *' to parameter of type 'void *' discards qualifiers [-Wincompatible-pointer-types-discards-qualifiers]
C/C++:             ng_add_alloc(raddr, "raddr");
C/C++:                          ^~~~~
C/C++: E:/HabiburRahman/Development/NetBlock/app/src/main/jni/netblock/netblock.h:571:25: note: passing argument to parameter 'ptr' here
C/C++: void ng_add_alloc(void *ptr, const char *tag);
C/C++:                         ^
C/C++: E:/HabiburRahman/Development/NetBlock/app/src/main/jni/netblock/netblock.c:781:29: warning: passing 'const char *' to parameter of type 'void *' discards qualifiers [-Wincompatible-pointer-types-discards-qualifiers]
C/C++:             ng_delete_alloc(raddr, __FILE__, __LINE__);
C/C++:                             ^~~~~
C/C++: E:/HabiburRahman/Development/NetBlock/app/src/main/jni/netblock/netblock.h:573:28: note: passing argument to parameter 'ptr' here
C/C++: void ng_delete_alloc(void *ptr, const char *file, int line);
C/C++:                            ^
C/C++: 14 warnings generated.

> Task :app:configureCMakeDebug[x86_64]
warn: removing resource org.alhaq.AmnShield.netblock:string/msg_hosts without required default value.
warn: removing resource org.alhaq.AmnShield.netblock:string/setting_block_domains without required default value.
warn: removing resource org.alhaq.AmnShield.netblock:string/setting_hosts without required default value.
warn: removing resource org.alhaq.AmnShield.netblock:string/setting_hosts_append without required default value.
warn: removing resource org.alhaq.AmnShield.netblock:string/setting_hosts_download without required default value.
warn: removing resource org.alhaq.AmnShield.netblock:string/setting_hosts_url without required default value.
warn: removing resource org.alhaq.AmnShield.netblock:string/setting_rcode without required default value.
warn: removing resource org.alhaq.AmnShield.netblock:string/summary_block_domains without required default value.
warn: removing resource org.alhaq.AmnShield.netblock:string/summary_rcode without required default value.


> Task :app:buildCMakeDebug[x86_64]
C/C++: ninja: Entering directory `E:\HabiburRahman\Development\NetBlock\app\.cxx\Debug\1n384y6y\x86_64'
C/C++: E:/HabiburRahman/Development/NetBlock/app/src/main/jni/netblock/netblock.c:278:22: warning: passing 'const char *' to parameter of type 'void *' discards qualifiers [-Wincompatible-pointer-types-discards-qualifiers]
C/C++:         ng_add_alloc(name, "name");
C/C++:                      ^~~~
C/C++: E:/HabiburRahman/Development/NetBlock/app/src/main/jni/netblock/netblock.h:571:25: note: passing argument to parameter 'ptr' here
C/C++: void ng_add_alloc(void *ptr, const char *tag);
C/C++:                         ^
C/C++: E:/HabiburRahman/Development/NetBlock/app/src/main/jni/netblock/netblock.c:300:25: warning: passing 'const char *' to parameter of type 'void *' discards qualifiers [-Wincompatible-pointer-types-discards-qualifiers]
C/C++:         ng_delete_alloc(name, __FILE__, __LINE__);
C/C++:                         ^~~~
C/C++: E:/HabiburRahman/Development/NetBlock/app/src/main/jni/netblock/netblock.h:573:28: note: passing argument to parameter 'ptr' here
C/C++: void ng_delete_alloc(void *ptr, const char *file, int line);
C/C++:                            ^
C/C++: E:/HabiburRahman/Development/NetBlock/app/src/main/jni/netblock/netblock.c:314:18: warning: passing 'const char *' to parameter of type 'void *' discards qualifiers [-Wincompatible-pointer-types-discards-qualifiers]
C/C++:     ng_add_alloc(addr, "addr");
C/C++:                  ^~~~
C/C++: E:/HabiburRahman/Development/NetBlock/app/src/main/jni/netblock/netblock.h:571:25: note: passing argument to parameter 'ptr' here
C/C++: void ng_add_alloc(void *ptr, const char *tag);
C/C++:                         ^
C/C++: E:/HabiburRahman/Development/NetBlock/app/src/main/jni/netblock/netblock.c:315:18: warning: passing 'const char *' to parameter of type 'void *' discards qualifiers [-Wincompatible-pointer-types-discards-qualifiers]
C/C++:     ng_add_alloc(username, "username");
C/C++:                  ^~~~~~~~
C/C++: E:/HabiburRahman/Development/NetBlock/app/src/main/jni/netblock/netblock.h:571:25: note: passing argument to parameter 'ptr' here
C/C++: void ng_add_alloc(void *ptr, const char *tag);
C/C++:                         ^
C/C++: E:/HabiburRahman/Development/NetBlock/app/src/main/jni/netblock/netblock.c:316:18: warning: passing 'const char *' to parameter of type 'void *' discards qualifiers [-Wincompatible-pointer-types-discards-qualifiers]
C/C++:     ng_add_alloc(password, "password");
C/C++:                  ^~~~~~~~
C/C++: E:/HabiburRahman/Development/NetBlock/app/src/main/jni/netblock/netblock.h:571:25: note: passing argument to parameter 'ptr' here
C/C++: void ng_add_alloc(void *ptr, const char *tag);
C/C++:                         ^
C/C++: E:/HabiburRahman/Development/NetBlock/app/src/main/jni/netblock/netblock.c:329:21: warning: passing 'const char *' to parameter of type 'void *' discards qualifiers [-Wincompatible-pointer-types-discards-qualifiers]
C/C++:     ng_delete_alloc(addr, __FILE__, __LINE__);
C/C++:                     ^~~~
C/C++: E:/HabiburRahman/Development/NetBlock/app/src/main/jni/netblock/netblock.h:573:28: note: passing argument to parameter 'ptr' here
C/C++: void ng_delete_alloc(void *ptr, const char *file, int line);
C/C++:                            ^
C/C++: E:/HabiburRahman/Development/NetBlock/app/src/main/jni/netblock/netblock.c:330:21: warning: passing 'const char *' to parameter of type 'void *' discards qualifiers [-Wincompatible-pointer-types-discards-qualifiers]
C/C++:     ng_delete_alloc(username, __FILE__, __LINE__);
C/C++:                     ^~~~~~~~
C/C++: E:/HabiburRahman/Development/NetBlock/app/src/main/jni/netblock/netblock.h:573:28: note: passing argument to parameter 'ptr' here
C/C++: void ng_delete_alloc(void *ptr, const char *file, int line);
C/C++:                            ^
C/C++: E:/HabiburRahman/Development/NetBlock/app/src/main/jni/netblock/netblock.c:331:21: warning: passing 'const char *' to parameter of type 'void *' discards qualifiers [-Wincompatible-pointer-types-discards-qualifiers]
C/C++:     ng_delete_alloc(password, __FILE__, __LINE__);
C/C++:                     ^~~~~~~~
C/C++: E:/HabiburRahman/Development/NetBlock/app/src/main/jni/netblock/netblock.h:573:28: note: passing argument to parameter 'ptr' here
C/C++: void ng_delete_alloc(void *ptr, const char *file, int line);
C/C++:                            ^
C/C++: E:/HabiburRahman/Development/NetBlock/app/src/main/jni/netblock/netblock.c:362:18: warning: passing 'const char *' to parameter of type 'void *' discards qualifiers [-Wincompatible-pointer-types-discards-qualifiers]
C/C++:     ng_add_alloc(name, "name");
C/C++:                  ^~~~
C/C++: E:/HabiburRahman/Development/NetBlock/app/src/main/jni/netblock/netblock.h:571:25: note: passing argument to parameter 'ptr' here
C/C++: void ng_add_alloc(void *ptr, const char *tag);
C/C++:                         ^
C/C++: E:/HabiburRahman/Development/NetBlock/app/src/main/jni/netblock/netblock.c:368:21: warning: passing 'const char *' to parameter of type 'void *' discards qualifiers [-Wincompatible-pointer-types-discards-qualifiers]
C/C++:     ng_delete_alloc(name, __FILE__, __LINE__);
C/C++:                     ^~~~
C/C++: E:/HabiburRahman/Development/NetBlock/app/src/main/jni/netblock/netblock.h:573:28: note: passing argument to parameter 'ptr' here
C/C++: void ng_delete_alloc(void *ptr, const char *file, int line);
C/C++:                            ^
C/C++: E:/HabiburRahman/Development/NetBlock/app/src/main/jni/netblock/netblock.c:377:18: warning: passing 'const char *' to parameter of type 'void *' discards qualifiers [-Wincompatible-pointer-types-discards-qualifiers]
C/C++:     ng_add_alloc(ip, "ip");
C/C++:                  ^~
C/C++: E:/HabiburRahman/Development/NetBlock/app/src/main/jni/netblock/netblock.h:571:25: note: passing argument to parameter 'ptr' here
C/C++: void ng_add_alloc(void *ptr, const char *tag);
C/C++:                         ^
C/C++: E:/HabiburRahman/Development/NetBlock/app/src/main/jni/netblock/netblock.c:394:21: warning: passing 'const char *' to parameter of type 'void *' discards qualifiers [-Wincompatible-pointer-types-discards-qualifiers]
C/C++:     ng_delete_alloc(ip, __FILE__, __LINE__);
C/C++:                     ^~
C/C++: E:/HabiburRahman/Development/NetBlock/app/src/main/jni/netblock/netblock.h:573:28: note: passing argument to parameter 'ptr' here
C/C++: void ng_delete_alloc(void *ptr, const char *file, int line);
C/C++:                            ^
C/C++: E:/HabiburRahman/Development/NetBlock/app/src/main/jni/netblock/netblock.c:778:26: warning: passing 'const char *' to parameter of type 'void *' discards qualifiers [-Wincompatible-pointer-types-discards-qualifiers]
C/C++:             ng_add_alloc(raddr, "raddr");
C/C++:                          ^~~~~
C/C++: E:/HabiburRahman/Development/NetBlock/app/src/main/jni/netblock/netblock.h:571:25: note: passing argument to parameter 'ptr' here
C/C++: void ng_add_alloc(void *ptr, const char *tag);
C/C++:                         ^
C/C++: E:/HabiburRahman/Development/NetBlock/app/src/main/jni/netblock/netblock.c:781:29: warning: passing 'const char *' to parameter of type 'void *' discards qualifiers [-Wincompatible-pointer-types-discards-qualifiers]
C/C++:             ng_delete_alloc(raddr, __FILE__, __LINE__);
C/C++:                             ^~~~~
C/C++: E:/HabiburRahman/Development/NetBlock/app/src/main/jni/netblock/netblock.h:573:28: note: passing argument to parameter 'ptr' here
C/C++: void ng_delete_alloc(void *ptr, const char *file, int line);
C/C++:                            ^
C/C++: 14 warnings generated.

> Task :app:processDebugResources

> Task :app:compileDebugJavaWithJavac
.\gradlew.bat : warning: [options] source value 8 is obsolete and will be removed 
in a future release
At line:1 char:84
+ ... o\jbr'; .\gradlew.bat clean; .\gradlew.bat assembleDebug 2>&1 | Out-F ...
+                                  ~~~~~~~~~~~~~~~~~~~~~~~~~~~~~~~~
    + CategoryInfo          : NotSpecified: (warning: [optio... future 
release:String) [], Remot    eException
    + FullyQualifiedErrorId : NativeCommandError
 
warning: [options] target value 8 is obsolete and will be removed in a future 
release
warning: [options] To suppress warnings about obsolete options, use 
-Xlint:-options.
Note: [1] Wrote GeneratedAppGlideModule with: []
E:\HabiburRahman\Development\NetBlock\app\src\main\java\netblock\PasswordDialog.ja
va:23: error: package R does not exist
        builder.setTitle(R.string.title_password_enter);
                          ^
E:\HabiburRahman\Development\NetBlock\app\src\main\java\netblock\PasswordDialog.ja
va:27: error: package R does not exist
        input.setHint(R.string.hint_password);
                       ^
E:\HabiburRahman\Development\NetBlock\app\src\main\java\netblock\PasswordDialog.ja
va:46: error: package R does not exist
                    Toast.makeText(context, R.string.msg_password_incorrect, 
Toast.LENGTH_SHORT).show();
                                             ^
E:\HabiburRahman\Development\NetBlock\app\src\main\java\netblock\PasswordDialog.ja
va:64: error: package R does not exist
        builder.setTitle(R.string.title_password_set);
                          ^
E:\HabiburRahman\Development\NetBlock\app\src\main\java\netblock\PasswordDialog.ja
va:72: error: package R does not exist
        inputPassword.setHint(R.string.hint_password);
                               ^
E:\HabiburRahman\Development\NetBlock\app\src\main\java\netblock\PasswordDialog.ja
va:77: error: package R does not exist
        inputConfirm.setHint(R.string.hint_password_confirm);
                              ^
E:\HabiburRahman\Development\NetBlock\app\src\main\java\netblock\PasswordDialog.ja
va:94: error: package R does not exist
                    Toast.makeText(context, R.string.msg_password_empty, 
Toast.LENGTH_SHORT).show();
                                             ^
E:\HabiburRahman\Development\NetBlock\app\src\main\java\netblock\PasswordDialog.ja
va:99: error: package R does not exist
                    Toast.makeText(context, R.string.msg_password_mismatch, 
Toast.LENGTH_SHORT).show();
                                             ^
E:\HabiburRahman\Development\NetBlock\app\src\main\java\netblock\PasswordDialog.ja
va:104: error: package R does not exist
                Toast.makeText(context, R.string.msg_password_set, 
Toast.LENGTH_SHORT).show();
                                         ^
E:\HabiburRahman\Development\NetBlock\app\src\main\java\netblock\PasswordDialog.ja
va:115: error: package R does not exist
            builder.setNeutralButton(R.string.menu_clear, new 
DialogInterface.OnClickListener() {
                                      ^
E:\HabiburRahman\Development\NetBlock\app\src\main\java\netblock\PasswordDialog.ja
va:119: error: package R does not exist
                    Toast.makeText(context, R.string.msg_password_removed, 
Toast.LENGTH_SHORT).show();
                                             ^
Note: Some input files use or override a deprecated API.
Note: Recompile with -Xlint:deprecation for details.
Note: Some input files use unchecked or unsafe operations.
Note: Recompile with -Xlint:unchecked for details.
11 errors
3 warnings

> Task :app:compileDebugJavaWithJavac FAILED

FAILURE: Build failed with an exception.

* What went wrong:
Execution failed for task ':app:compileDebugJavaWithJavac'.
> Compilation failed; see the compiler error output for details.

* Try:
> Run with --info option to get more log output.
> Run with --scan to get full insights.

Deprecated Gradle features were used in this build, making it incompatible with Gradle 9.0.

You can use '--warning-mode all' to show the individual deprecation warnings and determine if they come from your own scripts or plugins.

For more on this, please refer to https://docs.gradle.org/8.9/userguide/command_line_interface.html#sec:command_line_warnings in the Gradle documentation.

BUILD FAILED in 44s
29 actionable tasks: 29 executed
